// Jest Snapshot v1, https://goo.gl/fbAQLP

exports[`should match the snapshot 1`] = `
<div>
  <div
    class="Container-sc-ka34zl-0 gDxJPl Footer-text"
  >
    <p>
      Essa tela foi especialmente desenvolvida para a dev.Ela maravilhosa da ACME.
    </p>
    <p>
      <time
        datetime="2023-02-09"
      >
        9 de fevereiro de 2023
      </time>
    </p>
    <p>
      Por designer com m√£o de android
    </p>
  </div>
</div>
`;
