// Jest Snapshot v1, https://goo.gl/fbAQLP

exports[`should match the snapshot 1`] = `
<div>
  <div
    class="ScrollUpButton"
  />
</div>
`;
